\BOOKMARK [1][-]{section.1}{\376\377\000P\000r\000\351\000s\000e\000n\000t\000a\000t\000i\000o\000n\000\040\000g\000\351\000n\000\351\000r\000a\000l\000e\000\040\000d\000u\000\040\000p\000r\000o\000j\000e\000t}{}% 1
\BOOKMARK [2][-]{subsection.1.1}{\376\377\000F\000i\000c\000h\000i\000e\000r\000s\000\040\000a\000n\000a\000l\000y\000s\000\351\000s}{section.1}% 2
\BOOKMARK [2][-]{subsection.1.2}{\376\377\000R\000\351\000s\000u\000m\000\351\000\040\000e\000x\000\351\000c\000u\000t\000i\000f}{section.1}% 3
\BOOKMARK [1][-]{section.2}{\376\377\000I\000n\000c\000o\000h\000\351\000r\000e\000n\000c\000e\000s\000\040\000s\000t\000r\000u\000c\000t\000u\000r\000e\000l\000l\000e\000s\000\040\000e\000t\000\040\000t\000e\000c\000h\000n\000i\000q\000u\000e\000s}{}% 4
\BOOKMARK [2][-]{subsection.2.1}{\376\377\000D\000e\000u\000x\000\040\000t\000e\000m\000p\000l\000a\000t\000e\000s\000\040\000i\000n\000c\000o\000m\000p\000a\000t\000i\000b\000l\000e\000s}{section.2}% 5
\BOOKMARK [2][-]{subsection.2.2}{\376\377\000L\000'\000o\000p\000t\000i\000o\000n\000\040\000d\000e\000\040\000c\000l\000a\000s\000s\000e\000\040\000m\000a\000l\000\040\000f\000o\000r\000m\000\351\000e\000\040\000\050\000t\000o\000u\000s\000\040\000l\000e\000s\000\040\000f\000i\000c\000h\000i\000e\000r\000s\000\040\000L\0001\000/\000L\0002\000\051}{section.2}% 6
\BOOKMARK [2][-]{subsection.2.3}{\376\377\000L\000e\000\040\000p\000i\000e\000d\000\040\000d\000e\000\040\000p\000a\000g\000e\000\040\000e\000r\000r\000o\000n\000\351\000\040\000s\000y\000s\000t\000\351\000m\000a\000t\000i\000q\000u\000e}{section.2}% 7
\BOOKMARK [2][-]{subsection.2.4}{\376\377\000L\000'\000a\000u\000t\000e\000u\000r\000\040\000n\000o\000n\000\040\000r\000e\000n\000s\000e\000i\000g\000n\000\351\000\040\000d\000a\000n\000s\000\040\000l\000e\000s\000\040\000f\000i\000c\000h\000i\000e\000r\000s\000\040\000L\0003}{section.2}% 8
\BOOKMARK [2][-]{subsection.2.5}{\376\377\000U\000s\000a\000g\000e\000\040\000i\000n\000c\000o\000r\000r\000e\000c\000t\000\040\000d\000e\000\040\000\134\000l\000a\000r\000g\000e\000\173\000.\000.\000.\000\175}{section.2}% 9
\BOOKMARK [1][-]{section.3}{\376\377\000E\000r\000r\000e\000u\000r\000s\000\040\000s\000c\000i\000e\000n\000t\000i\000f\000i\000q\000u\000e\000s\000\040\000e\000t\000\040\000m\000a\000t\000h\000\351\000m\000a\000t\000i\000q\000u\000e\000s}{}% 10
\BOOKMARK [2][-]{subsection.3.1}{\376\377\000F\000i\000c\000h\000i\000e\000r\000\040\000:\000\040\000A\000t\000o\000m\000i\000s\000t\000i\000q\000u\000e\000.\000t\000e\000x\000\040\000\050\000L\0001\000\051}{section.3}% 11
\BOOKMARK [3][-]{subsubsection.3.1.1}{\376\377\000E\000x\000e\000r\000c\000i\000c\000e\000\040\0007\000,\000\040\000q\000u\000e\000s\000t\000i\000o\000n\000\040\000\050\000d\000\051\000\040\040\023\000\040\000S\000y\000m\000b\000o\000l\000e\000\040\000c\000h\000i\000m\000i\000q\000u\000e\000\040\000i\000n\000c\000o\000r\000r\000e\000c\000t}{subsection.3.1}% 12
\BOOKMARK [3][-]{subsubsection.3.1.2}{\376\377\000E\000x\000e\000r\000c\000i\000c\000e\000\040\0008\000,\000\040\000q\000u\000e\000s\000t\000i\000o\000n\000\040\000\050\000a\000\051\000\040\040\023\000\040\000C\000o\000n\000f\000i\000g\000u\000r\000a\000t\000i\000o\000n\000\040\000\351\000l\000e\000c\000t\000r\000o\000n\000i\000q\000u\000e\000\040\000e\000r\000r\000o\000n\000\351\000e}{subsection.3.1}% 13
\BOOKMARK [3][-]{subsubsection.3.1.3}{\376\377\000E\000x\000e\000r\000c\000i\000c\000e\000\040\0006\000,\000\040\000q\000u\000e\000s\000t\000i\000o\000n\000\040\000\050\0002\000\051\000\040\040\023\000\040\000E\000r\000r\000e\000u\000r\000s\000\040\000g\000r\000a\000m\000m\000a\000t\000i\000c\000a\000l\000e\000s\000\040\000d\000a\000n\000s\000\040\000l\000a\000\040\000r\000\351\000d\000a\000c\000t\000i\000o\000n}{subsection.3.1}% 14
\BOOKMARK [3][-]{subsubsection.3.1.4}{\376\377\000E\000x\000e\000r\000c\000i\000c\000e\000\040\0006\000,\000\040\000q\000u\000e\000s\000t\000i\000o\000n\000\040\000\050\0004\000\051\000\040\040\023\000\040\000F\000a\000u\000t\000e\000\040\000d\000e\000\040\000f\000r\000a\000p\000p\000e\000\040\000s\000u\000r\000\040\000l\000e\000\040\000s\000y\000m\000b\000o\000l\000e\000\040\000c\000h\000i\000m\000i\000q\000u\000e}{subsection.3.1}% 15
\BOOKMARK [3][-]{subsubsection.3.1.5}{\376\377\000E\000x\000e\000r\000c\000i\000c\000e\000\040\0005\000,\000\040\000q\000u\000e\000s\000t\000i\000o\000n\000\040\000\050\000c\000\051\000\040\040\023\000\040\000R\000\350\000g\000l\000e\000\040\000d\000e\000\040\000K\000l\000e\000c\000h\000k\000o\000w\000s\000k\000i\000\040\000m\000a\000l\000\040\000i\000d\000e\000n\000t\000i\000f\000i\000\351\000e}{subsection.3.1}% 16
\BOOKMARK [2][-]{subsection.3.2}{\376\377\000F\000i\000c\000h\000i\000e\000r\000\040\000:\000\040\000E\000L\000E\000C\000T\000R\000O\000C\000I\000N\000E\000T\000I\000Q\000U\000E\000.\000t\000e\000x\000\040\000\050\000L\0001\000\051}{section.3}% 17
\BOOKMARK [3][-]{subsubsection.3.2.1}{\376\377\000C\000o\000r\000r\000i\000g\000\351\000\040\0002\000\040\040\023\000\040\000T\000e\000x\000t\000e\000\040\000t\000r\000o\000n\000q\000u\000\351\000\040\000\050\000c\000o\000u\000p\000u\000r\000e\000\040\000d\000e\000\040\000p\000h\000r\000a\000s\000e\000\051}{subsection.3.2}% 18
\BOOKMARK [3][-]{subsubsection.3.2.2}{\376\377\000C\000o\000r\000r\000i\000g\000\351\000\040\0002\000\040\040\023\000\040\000F\000o\000r\000m\000u\000l\000e\000\040\000d\000u\000p\000l\000i\000q\000u\000\351\000e\000\040\000a\000v\000e\000c\000\040\000v\000a\000l\000e\000u\000r\000\040\000t\000r\000o\000n\000q\000u\000\351\000e}{subsection.3.2}% 19
\BOOKMARK [3][-]{subsubsection.3.2.3}{\376\377\000C\000o\000r\000r\000i\000g\000\351\000\040\0002\000\040\040\023\000\040\000F\000a\000u\000t\000e\000\040\000d\000'\000o\000r\000t\000h\000o\000g\000r\000a\000p\000h\000e}{subsection.3.2}% 20
\BOOKMARK [2][-]{subsection.3.3}{\376\377\000F\000i\000c\000h\000i\000e\000r\000\040\000:\000\040\000E\000l\000e\000c\000t\000r\000o\000m\000a\000g\000n\000e\000t\000i\000s\000m\000e\000.\000t\000e\000x\000\040\000\050\000L\0002\000\051}{section.3}% 21
\BOOKMARK [3][-]{subsubsection.3.3.1}{\376\377\000E\000x\000e\000r\000c\000i\000c\000e\000\040\0001\000\040\040\023\000\040\000F\000o\000r\000m\000u\000l\000e\000\040\000p\000h\000y\000s\000i\000q\000u\000e\000\040\000i\000n\000c\000o\000r\000r\000e\000c\000t\000e\000\040\000p\000o\000u\000r\000\040\000l\000a\000\040\000p\000o\000r\000t\000\351\000e}{subsection.3.3}% 22
\BOOKMARK [3][-]{subsubsection.3.3.2}{\376\377\000E\000x\000e\000r\000c\000i\000c\000e\000\040\0006\000\040\040\023\000\040\000V\000i\000t\000e\000s\000s\000e\000\040\000d\000e\000\040\000p\000h\000a\000s\000e\000\040\000s\000a\000n\000s\000\040\000u\000n\000i\000t\000\351}{subsection.3.3}% 23
\BOOKMARK [3][-]{subsubsection.3.3.3}{\376\377\000T\000i\000t\000r\000e\000\040\000d\000e\000\040\000s\000e\000c\000t\000i\000o\000n\000\040\040\023\000\040\000F\000a\000u\000t\000e\000\040\000d\000'\000o\000r\000t\000h\000o\000g\000r\000a\000p\000h\000e}{subsection.3.3}% 24
\BOOKMARK [3][-]{subsubsection.3.3.4}{\376\377\000E\000x\000e\000r\000c\000i\000c\000e\000\040\0006\000\040\040\023\000\040\000R\000\351\000p\000\351\000t\000i\000t\000i\000o\000n\000\040\000i\000n\000u\000t\000i\000l\000e}{subsection.3.3}% 25
\BOOKMARK [2][-]{subsection.3.4}{\376\377\000F\000i\000c\000h\000i\000e\000r\000\040\000:\000\040\000A\000v\000a\000n\000t\000-\000p\000r\000o\000p\000o\000s\000.\000t\000e\000x\000\040\000\050\000L\0001\000\051}{section.3}% 26
\BOOKMARK [2][-]{subsection.3.5}{\376\377\000F\000i\000c\000h\000i\000e\000r\000\040\000:\000\040\000l\0003\000\137\000p\000h\000y\000s\000i\000q\000u\000e\000\137\000s\000t\000a\000t\000i\000s\000t\000i\000q\000u\000e\000.\000t\000e\000x\000\040\000\050\000L\0003\000\051}{section.3}% 27
\BOOKMARK [3][-]{subsubsection.3.5.1}{\376\377\000E\000x\000e\000r\000c\000i\000c\000e\000\040\0002\000\040\040\023\000\040\000C\000o\000n\000t\000r\000a\000d\000i\000c\000t\000i\000o\000n\000\040\000d\000a\000n\000s\000\040\000l\000a\000\040\000s\000i\000m\000p\000l\000i\000f\000i\000c\000a\000t\000i\000o\000n\000\040\000d\000e\000\040\0002}{subsection.3.5}% 28
\BOOKMARK [3][-]{subsubsection.3.5.2}{\376\377\000E\000x\000e\000r\000c\000i\000c\000e\000\040\0004\000\040\040\023\000\040\000N\000o\000t\000a\000t\000i\000o\000n\000\040\000T\000r\000\040\000i\000n\000c\000o\000r\000r\000e\000c\000t\000e}{subsection.3.5}% 29
\BOOKMARK [1][-]{section.4}{\376\377\000P\000r\000o\000b\000l\000\350\000m\000e\000s\000\040\000d\000e\000\040\000r\000\351\000d\000a\000c\000t\000i\000o\000n\000\040\000e\000t\000\040\000d\000e\000\040\000p\000r\000\351\000s\000e\000n\000t\000a\000t\000i\000o\000n}{}% 30
\BOOKMARK [2][-]{subsection.4.1}{\376\377\000E\000x\000e\000r\000c\000i\000c\000e\000s\000\040\000s\000a\000n\000s\000\040\000c\000o\000r\000r\000i\000g\000\351\000s\000\040\000c\000o\000m\000p\000l\000e\000t\000s}{section.4}% 31
\BOOKMARK [2][-]{subsection.4.2}{\376\377\000A\000b\000s\000e\000n\000c\000e\000\040\000d\000e\000\040\000n\000u\000m\000\351\000r\000o\000t\000a\000t\000i\000o\000n\000\040\000c\000o\000h\000\351\000r\000e\000n\000t\000e\000\040\000d\000e\000s\000\040\000\351\000q\000u\000a\000t\000i\000o\000n\000s}{section.4}% 32
\BOOKMARK [2][-]{subsection.4.3}{\376\377\000L\000i\000s\000t\000e\000s\000\040\000m\000a\000l\000\040\000s\000t\000r\000u\000c\000t\000u\000r\000\351\000e\000s}{section.4}% 33
\BOOKMARK [2][-]{subsection.4.4}{\376\377\000F\000o\000r\000m\000a\000t\000a\000g\000e\000\040\000d\000e\000s\000\040\000u\000n\000i\000t\000\351\000s}{section.4}% 34
\BOOKMARK [2][-]{subsection.4.5}{\376\377\000P\000a\000g\000e\000s\000\040\000d\000e\000\040\000t\000r\000a\000n\000s\000i\000t\000i\000o\000n}{section.4}% 35
\BOOKMARK [1][-]{section.5}{\376\377\000R\000e\000c\000o\000m\000m\000a\000n\000d\000a\000t\000i\000o\000n\000s\000\040\000p\000o\000u\000r\000\040\000l\000e\000\040\000s\000t\000y\000l\000e\000\040\000e\000t\000\040\000l\000e\000\040\000d\000e\000s\000i\000g\000n}{}% 36
\BOOKMARK [2][-]{subsection.5.1}{\376\377\000V\000i\000s\000i\000o\000n\000\040\000\351\000d\000i\000t\000o\000r\000i\000a\000l\000e\000\040\000g\000l\000o\000b\000a\000l\000e}{section.5}% 37
\BOOKMARK [2][-]{subsection.5.2}{\376\377\000P\000r\000o\000p\000o\000s\000i\000t\000i\000o\000n\000\040\000d\000e\000\040\000c\000h\000a\000r\000t\000e\000\040\000g\000r\000a\000p\000h\000i\000q\000u\000e}{section.5}% 38
\BOOKMARK [2][-]{subsection.5.3}{\376\377\000E\000n\000v\000i\000r\000o\000n\000n\000e\000m\000e\000n\000t\000s\000\040\000d\000'\000e\000x\000e\000r\000c\000i\000c\000e\000\040\000e\000t\000\040\000d\000e\000\040\000c\000o\000r\000r\000e\000c\000t\000i\000o\000n}{section.5}% 39
\BOOKMARK [2][-]{subsection.5.4}{\376\377\000S\000t\000r\000u\000c\000t\000u\000r\000e\000\040\000g\000l\000o\000b\000a\000l\000e\000\040\000d\000u\000\040\000d\000o\000c\000u\000m\000e\000n\000t}{section.5}% 40
\BOOKMARK [2][-]{subsection.5.5}{\376\377\000U\000n\000i\000f\000i\000c\000a\000t\000i\000o\000n\000\040\000d\000u\000\040\000t\000o\000m\000e\000\040\000L\0003}{section.5}% 41
\BOOKMARK [1][-]{section.6}{\376\377\000T\000a\000b\000l\000e\000a\000u\000\040\000r\000\351\000c\000a\000p\000i\000t\000u\000l\000a\000t\000i\000f\000\040\000d\000e\000s\000\040\000c\000o\000r\000r\000e\000c\000t\000i\000o\000n\000s\000\040\000p\000r\000i\000o\000r\000i\000t\000a\000i\000r\000e\000s}{}% 42
\BOOKMARK [1][-]{section.7}{\376\377\000P\000l\000a\000n\000\040\000d\000'\000a\000c\000t\000i\000o\000n\000\040\000p\000o\000u\000r\000\040\000l\000a\000\040\000r\000e\000f\000o\000n\000t\000e\000\040\000c\000o\000m\000p\000l\000\350\000t\000e}{}% 43
\BOOKMARK [2][-]{subsection.7.1}{\376\377\000P\000h\000a\000s\000e\000\040\0001\000\040\000:\000\040\000C\000o\000r\000r\000e\000c\000t\000i\000o\000n\000\040\000d\000e\000s\000\040\000e\000r\000r\000e\000u\000r\000s\000\040\000c\000r\000i\000t\000i\000q\000u\000e\000s\000\040\000\050\000u\000r\000g\000e\000n\000t\000\051}{section.7}% 44
\BOOKMARK [2][-]{subsection.7.2}{\376\377\000P\000h\000a\000s\000e\000\040\0002\000\040\000:\000\040\000H\000a\000r\000m\000o\000n\000i\000s\000a\000t\000i\000o\000n\000\040\000d\000u\000\040\000t\000e\000m\000p\000l\000a\000t\000e\000\040\000\050\000p\000r\000i\000o\000r\000i\000t\000a\000i\000r\000e\000\051}{section.7}% 45
\BOOKMARK [2][-]{subsection.7.3}{\376\377\000P\000h\000a\000s\000e\000\040\0003\000\040\000:\000\040\000A\000m\000\351\000l\000i\000o\000r\000a\000t\000i\000o\000n\000\040\000d\000u\000\040\000c\000o\000n\000t\000e\000n\000u}{section.7}% 46
\BOOKMARK [2][-]{subsection.7.4}{\376\377\000P\000h\000a\000s\000e\000\040\0004\000\040\000:\000\040\000F\000i\000n\000a\000l\000i\000s\000a\000t\000i\000o\000n\000\040\000\351\000d\000i\000t\000o\000r\000i\000a\000l\000e}{section.7}% 47
\BOOKMARK [1][-]{section.8}{\376\377\000C\000o\000n\000c\000l\000u\000s\000i\000o\000n}{}% 48
